✓ Initialized. View run at 
https://modal.com/apps/ryanz090504-star/main/ap-baozDtOAvVJJxpU6JSz8ZB
✓ Created objects.
├── 🔨 Created mount 
│   C:\Users\ryanz\AppData\Local\Temp\modal_rabit2_stage4d3_4_triton_tailprep.p
│   y
├── 🔨 Created mount 
│   C:\Users\ryanz\AppData\Local\Temp\rabit2_stage4d3_4_triton_tailprep_snapsho
│   t.zip
└── 🔨 Created function prototype.

==========
== CUDA ==
==========

CUDA Version 13.0.2

Container image Copyright (c) 2016-2023, NVIDIA CORPORATION & AFFILIATES. All rights reserved.

This container image and its contents are governed by the NVIDIA Deep Learning Container License.
By pulling and using the container, you accept the terms and conditions of this license:
https://developer.nvidia.com/ngc/nvidia-deep-learning-container-license

A copy of this license is made available in this container at /NGC-DL-CONTAINER-LICENSE for your convenience.

======================================================================================================================
RABIT-2 Stage4D3.4 — Triton fused exact tail-prep prototype
======================================================================================================================
torch=2.11.0+cu130 cuda=13.0
gpu=NVIDIA H100 80GB HBM3
Locked-source preflight: PASSED
Triton precise division preflight (tl.div_rn): PASSED
TRITON PREP EXACTNESS: True cases=62
TAIL PREP @ open=28: ref=0.8215 ms triton=0.0619 ms speedup=13.27x
FULL ATTENTION: exact=True max_abs=0.0 old=1.0226 ms new=0.1693 ms speedup=6.04x
STAGE4D3_4_JSON={"attention_exact": true, "attention_max_abs": 0.0, "attention_new_cuda_ms": 0.16932719548543293, "attention_old_cuda_ms": 1.0225895881652831, "attention_speedup": 6.039133792027257, "prep_cases": 62, "prep_exact": true, "prep_speedup": 13.273169961286346, "reference_prep_cuda_ms": 0.8215171813964843, "triton_prep_cuda_ms": 0.061893065770467125}
RABIT-2 STAGE4D3.4 TRITON FUSED TAIL-PREP PROTOTYPE COMPLETED
Stopping app - local entrypoint completed.
✓ App completed. View run at 
https://modal.com/apps/ryanz090504-star/main/ap-baozDtOAvVJJxpU6JSz8ZB
