✓ Initialized. View run at 
https://modal.com/apps/ryanz090504-star/main/ap-TRWlmwtclRLhXCWr6ILJ4J
✓ Created objects.
├── 🔨 Created mount 
│   C:\Users\ryanz\AppData\Local\Temp\modal_rabit2_stage4b4_bulk_prefill.py
├── 🔨 Created mount 
│   C:\Users\ryanz\AppData\Local\Temp\rabit2_stage4b4_bulk_prefill_snapshot.zip
└── 🔨 Created function verify.

==========
== CUDA ==
==========

CUDA Version 13.0.2

Container image Copyright (c) 2016-2023, NVIDIA CORPORATION & AFFILIATES. All rights reserved.

This container image and its contents are governed by the NVIDIA Deep Learning Container License.
By pulling and using the container, you accept the terms and conditions of this license:
https://developer.nvidia.com/ngc/nvidia-deep-learning-container-license

A copy of this license is made available in this container at /NGC-DL-CONTAINER-LICENSE for your convenience.

========================================================================================================
RABIT-2 Stage 4B4 — exact bulk-prefill sidecar prototype
========================================================================================================
Python:  3.11.5
PyTorch: 2.11.0+cu130
CUDA:    13.0
GPU:     NVIDIA H100 80GB HBM3
NOTE: prototype only; source tree is NOT modified.
Stage4B2 + Stage4B3 source preflight: PASSED
Boundary exactness: PASSED (16 cases)
Random chunk-sequence exactness: PASSED
N=  64 current=   17.208 ms bulk=    1.521 ms speedup= 11.31x bulk=  23.77 us/token/layer
N= 256 current=   77.928 ms bulk=    7.404 ms speedup= 10.53x bulk=  28.92 us/token/layer
N=1024 current=  298.375 ms bulk=   27.986 ms speedup= 10.66x bulk=  27.33 us/token/layer
N=2048 current=  597.448 ms bulk=   55.963 ms speedup= 10.68x bulk=  27.33 us/token/layer
STAGE4B4_JSON={"exact_boundary_cases": 16, "random_chunk_exact": true, "rows": [{"bulk_ms": 1.521321000000242, "bulk_us_per_token": 23.77064062500378, "current_ms": 17.208022000000156, "current_us_per_token": 268.87534375000246, "speedup": 11.311236747535476, "tokens": 64}, {"bulk_ms": 7.403554999999784, "bulk_us_per_token": 28.920136718749156, "current_ms": 77.9279319999997, "current_us_per_token": 304.4059843749988, "speedup": 10.525744996829493, "tokens": 256}, {"bulk_ms": 27.985872000000356, "bulk_us_per_token": 27.329953125000348, "current_ms": 298.3752029999991, "current_us_per_token": 291.3820341796866, "speedup": 10.661636807314608, "tokens": 1024}, {"bulk_ms": 55.96338199999984, "bulk_us_per_token": 27.32587011718742, "current_ms": 597.4477240000002, "current_us_per_token": 291.72252148437514, "speedup": 10.675690114653934, "tokens": 2048}]}
RABIT-2 STAGE 4B4 BULK-PREFILL PROTOTYPE PASSED
Stopping app - local entrypoint completed.
✓ App completed. View run at 
https://modal.com/apps/ryanz090504-star/main/ap-TRWlmwtclRLhXCWr6ILJ4J
