✓ Initialized. View run at 
https://modal.com/apps/ryanz090504-star/main/ap-tg8XKbzX9YTKbuQ9qxSRYx
✓ Created objects.
├── 🔨 Created mount 
│   C:\Users\ryanz\AppData\Local\Temp\modal_rabit2_stage4d3_3_fast_meta.py
├── 🔨 Created mount 
│   C:\Users\ryanz\AppData\Local\Temp\rabit2_stage4d3_3_fast_meta_snapshot.zip
└── 🔨 Created function prototype.

==========
== CUDA ==
==========

CUDA Version 13.0.2

Container image Copyright (c) 2016-2023, NVIDIA CORPORATION & AFFILIATES. All rights reserved.

This container image and its contents are governed by the NVIDIA Deep Learning Container License.
By pulling and using the container, you accept the terms and conditions of this license:
https://developer.nvidia.com/ngc/nvidia-deep-learning-container-license

A copy of this license is made available in this container at /NGC-DL-CONTAINER-LICENSE for your convenience.

======================================================================================================================
RABIT-2 Stage4D3.3 — fast META8g64 prototype
======================================================================================================================
torch=2.11.0+cu130 cuda=13.0
gpu=NVIDIA H100 80GB HBM3
Locked-source preflight: PASSED
----------------------------------------------------------------------------------------------------------------------
REFERENCE encode_metadata_uint8_group_ref SOURCE
def encode_metadata_uint8_group_ref(
    tensor: torch.Tensor,
    group_size: int = RABIT2_METADATA_GROUP_SIZE,
) -> dict[str, Any]:
    """Compress metadata exactly like the final quality reference.

    Metadata values are flattened, divided into groups of 64, quantized to
    UINT8 affine codes, and accompanied by BF16 group minima and scales.
    """
    if group_size < 8:
        raise ValueError("metadata group_size must be at least 8")
    data = tensor.detach().float().contiguous()
    original_shape = tuple(data.shape)
    flat = data.reshape(-1)
    if flat.numel() == 0:
        return {
            "meta_type": "uint8_group",
            "codes": torch.empty(0, group_size, dtype=torch.uint8, device=data.device),
            "min": torch.empty(0, 1, dtype=torch.bfloat16, device=data.device),
            "scale": torch.empty(0, 1, dtype=torch.bfloat16, device=data.device),
            "orig_shape": original_shape,
            "pad": 0,
            "group_size": int(group_size),
        }
    pad = (-flat.numel()) % group_size
    if pad:
        flat = torch.cat([flat, flat[-1:].expand(pad)], dim=0)
    grouped = flat.reshape(-1, group_size)
    meta_min = grouped.amin(dim=-1, keepdim=True)
    meta_max = grouped.amax(dim=-1, keepdim=True)
    meta_scale = (meta_max - meta_min) / 255.0
    meta_scale = torch.where(
        meta_scale.abs() < 1e-12, torch.ones_like(meta_scale), meta_scale
    )
    codes = torch.round((grouped - meta_min) / meta_scale).clamp(0, 255)
    return {
        "meta_type": "uint8_group",
        "codes": codes.to(torch.uint8).contiguous(),
        "min": meta_min.to(torch.bfloat16).contiguous(),
        "scale": meta_scale.to(torch.bfloat16).contiguous(),
        "orig_shape": original_shape,
        "pad": int(pad),
        "group_size": int(group_size),
    }

----------------------------------------------------------------------------------------------------------------------
FAST META EXACTNESS: True cases=72
FAST-META K3 EXACTNESS: True
K3 @ open=28: ref=0.6125 ms fast=0.5529 ms speedup=1.11x
V META @ open=28: min 0.1017->0.1656 ms, scale 0.1022->0.1661 ms
FULL ATTENTION: exact=True max_abs=0.0 old=1.0929 ms new=1.1339 ms speedup=0.96x
STAGE4D3_3_JSON={"attention_exact": true, "attention_max_abs": 0.0, "attention_new_cuda_ms": 1.133947525024414, "attention_old_cuda_ms": 1.0928868293762206, "attention_speedup": 0.963789598070414, "fast_k3_cuda_ms": 0.5528796768188476, "fast_vmin_meta_cuda_ms": 0.16564992904663087, "fast_vscale_meta_cuda_ms": 0.16607423782348632, "k3_exact": true, "k3_speedup": 1.1077672444074407, "meta_exact": true, "meta_exact_rows": [{"exact": true, "label": "kmeta_random_31001", "shape": [8, 128]}, {"exact": true, "label": "kscale_random_31001", "shape": [8, 128]}, {"exact": true, "label": "kmeta_random_31002", "shape": [8, 128]}, {"exact": true, "label": "kscale_random_31002", "shape": [8, 128]}, {"exact": true, "label": "kmeta_random_31003", "shape": [8, 128]}, {"exact": true, "label": "kscale_random_31003", "shape": [8, 128]}, {"exact": true, "label": "vmin_t1", "shape": [1, 8, 4, 1]}, {"exact": true, "label": "vscale_t1", "shape": [1, 8, 4, 1]}, {"exact": true, "label": "vmin_t2", "shape": [2, 8, 4, 1]}, {"exact": true, "label": "vscale_t2", "shape": [2, 8, 4, 1]}, {"exact": true, "label": "vmin_t3", "shape": [3, 8, 4, 1]}, {"exact": true, "label": "vscale_t3", "shape": [3, 8, 4, 1]}, {"exact": true, "label": "vmin_t4", "shape": [4, 8, 4, 1]}, {"exact": true, "label": "vscale_t4", "shape": [4, 8, 4, 1]}, {"exact": true, "label": "vmin_t5", "shape": [5, 8, 4, 1]}, {"exact": true, "label": "vscale_t5", "shape": [5, 8, 4, 1]}, {"exact": true, "label": "vmin_t6", "shape": [6, 8, 4, 1]}, {"exact": true, "label": "vscale_t6", "shape": [6, 8, 4, 1]}, {"exact": true, "label": "vmin_t7", "shape": [7, 8, 4, 1]}, {"exact": true, "label": "vscale_t7", "shape": [7, 8, 4, 1]}, {"exact": true, "label": "vmin_t8", "shape": [8, 8, 4, 1]}, {"exact": true, "label": "vscale_t8", "shape": [8, 8, 4, 1]}, {"exact": true, "label": "vmin_t9", "shape": [9, 8, 4, 1]}, {"exact": true, "label": "vscale_t9", "shape": [9, 8, 4, 1]}, {"exact": true, "label": "vmin_t10", "shape": [10, 8, 4, 1]}, {"exact": true, "label": "vscale_t10", "shape": [10, 8, 4, 1]}, {"exact": true, "label": "vmin_t11", "shape": [11, 8, 4, 1]}, {"exact": true, "label": "vscale_t11", "shape": [11, 8, 4, 1]}, {"exact": true, "label": "vmin_t12", "shape": [12, 8, 4, 1]}, {"exact": true, "label": "vscale_t12", "shape": [12, 8, 4, 1]}, {"exact": true, "label": "vmin_t13", "shape": [13, 8, 4, 1]}, {"exact": true, "label": "vscale_t13", "shape": [13, 8, 4, 1]}, {"exact": true, "label": "vmin_t14", "shape": [14, 8, 4, 1]}, {"exact": true, "label": "vscale_t14", "shape": [14, 8, 4, 1]}, {"exact": true, "label": "vmin_t15", "shape": [15, 8, 4, 1]}, {"exact": true, "label": "vscale_t15", "shape": [15, 8, 4, 1]}, {"exact": true, "label": "vmin_t16", "shape": [16, 8, 4, 1]}, {"exact": true, "label": "vscale_t16", "shape": [16, 8, 4, 1]}, {"exact": true, "label": "vmin_t17", "shape": [17, 8, 4, 1]}, {"exact": true, "label": "vscale_t17", "shape": [17, 8, 4, 1]}, {"exact": true, "label": "vmin_t18", "shape": [18, 8, 4, 1]}, {"exact": true, "label": "vscale_t18", "shape": [18, 8, 4, 1]}, {"exact": true, "label": "vmin_t19", "shape": [19, 8, 4, 1]}, {"exact": true, "label": "vscale_t19", "shape": [19, 8, 4, 1]}, {"exact": true, "label": "vmin_t20", "shape": [20, 8, 4, 1]}, {"exact": true, "label": "vscale_t20", "shape": [20, 8, 4, 1]}, {"exact": true, "label": "vmin_t21", "shape": [21, 8, 4, 1]}, {"exact": true, "label": "vscale_t21", "shape": [21, 8, 4, 1]}, {"exact": true, "label": "vmin_t22", "shape": [22, 8, 4, 1]}, {"exact": true, "label": "vscale_t22", "shape": [22, 8, 4, 1]}, {"exact": true, "label": "vmin_t23", "shape": [23, 8, 4, 1]}, {"exact": true, "label": "vscale_t23", "shape": [23, 8, 4, 1]}, {"exact": true, "label": "vmin_t24", "shape": [24, 8, 4, 1]}, {"exact": true, "label": "vscale_t24", "shape": [24, 8, 4, 1]}, {"exact": true, "label": "vmin_t25", "shape": [25, 8, 4, 1]}, {"exact": true, "label": "vscale_t25", "shape": [25, 8, 4, 1]}, {"exact": true, "label": "vmin_t26", "shape": [26, 8, 4, 1]}, {"exact": true, "label": "vscale_t26", "shape": [26, 8, 4, 1]}, {"exact": true, "label": "vmin_t27", "shape": [27, 8, 4, 1]}, {"exact": true, "label": "vscale_t27", "shape": [27, 8, 4, 1]}, {"exact": true, "label": "vmin_t28", "shape": [28, 8, 4, 1]}, {"exact": true, "label": "vscale_t28", "shape": [28, 8, 4, 1]}, {"exact": true, "label": "vmin_t29", "shape": [29, 8, 4, 1]}, {"exact": true, "label": "vscale_t29", "shape": [29, 8, 4, 1]}, {"exact": true, "label": "vmin_t30", "shape": [30, 8, 4, 1]}, {"exact": true, "label": "vscale_t30", "shape": [30, 8, 4, 1]}, {"exact": true, "label": "vmin_t31", "shape": [31, 8, 4, 1]}, {"exact": true, "label": "vscale_t31", "shape": [31, 8, 4, 1]}, {"exact": true, "label": "zeros_1024", "shape": [8, 128]}, {"exact": true, "label": "ones_1024", "shape": [8, 128]}, {"exact": true, "label": "negones_1024", "shape": [8, 128]}, {"exact": true, "label": "zeros_vodd", "shape": [17, 8, 4, 1]}], "reference_k3_cuda_ms": 0.6124619960784912, "reference_vmin_meta_cuda_ms": 0.10172479629516601, "reference_vscale_meta_cuda_ms": 0.10217727661132812}
RABIT-2 STAGE4D3.3 FAST META PROTOTYPE COMPLETED
Stopping app - local entrypoint completed.
✓ App completed. View run at 
https://modal.com/apps/ryanz090504-star/main/ap-tg8XKbzX9YTKbuQ9qxSRYx
