✓ Initialized. View run at 
https://modal.com/apps/ryanz090504-star/main/ap-VlIPzxdr9hdyexadlxmUxk
✓ Created objects.
├── 🔨 Created mount 
│   C:\Users\ryanz\AppData\Local\Temp\modal_rabit2_stage4d3_2_hybrid_k3.py
├── 🔨 Created mount 
│   C:\Users\ryanz\AppData\Local\Temp\rabit2_stage4d3_2_hybrid_k3_snapshot.zip
└── 🔨 Created function prototype.

==========
== CUDA ==
==========

CUDA Version 13.0.2

Container image Copyright (c) 2016-2023, NVIDIA CORPORATION & AFFILIATES. All rights reserved.

This container image and its contents are governed by the NVIDIA Deep Learning Container License.
By pulling and using the container, you accept the terms and conditions of this license:
https://developer.nvidia.com/ngc/nvidia-deep-learning-container-license

A copy of this license is made available in this container at /NGC-DL-CONTAINER-LICENSE for your convenience.

======================================================================================================================
RABIT-2 Stage4D3.2 — hybrid exact K3 prototype
======================================================================================================================
torch=2.11.0+cu130 cuda=13.0
gpu=NVIDIA H100 80GB HBM3
Locked-source preflight: PASSED
W0814 13:11:55.530000 2 site-packages/torch/_inductor/cudagraph_utils.py:343] [__cudagraphs] CUDAGraph supports dynamic shapes by recording a new graph for each distinct input size. Recording too many CUDAGraphs may lead to extra overhead. We have observed 9 distinct sizes. Please consider the following options for better performance: a) padding inputs to a few fixed number of shapes; or b) set torch._inductor.config.triton.cudagraph_skip_dynamic_graphs=True. Set torch._inductor.config.triton.cudagraph_dynamic_shape_warn_limit=None to silence this warning.
HYBRID K3 EXACTNESS: True cases=66
K3 @ open=28: ref=0.5952 ms hybrid-eagerpack=0.5755 ms hybrid-compiledpack=0.4963 ms speedup=1.20x
K3 wall @ open=28: ref=0.6231 ms hybrid=0.4839 ms
FULL ATTENTION: exact=True max_abs=0.0 old=1.0221 ms new=0.9226 ms speedup=1.11x
STAGE4D3_2_JSON={"attention_exact": true, "attention_max_abs": 0.0, "attention_new_cuda_ms": 0.9226493072509766, "attention_old_cuda_ms": 1.0220616340637207, "attention_speedup": 1.1077466010449215, "exact": true, "exact_rows": [{"compiled_pack_exact": true, "eager_pack_exact": true, "label": "random_t1_s1001", "tokens": 1}, {"compiled_pack_exact": true, "eager_pack_exact": true, "label": "random_t1_s2001", "tokens": 1}, {"compiled_pack_exact": true, "eager_pack_exact": true, "label": "random_t2_s1002", "tokens": 2}, {"compiled_pack_exact": true, "eager_pack_exact": true, "label": "random_t2_s2002", "tokens": 2}, {"compiled_pack_exact": true, "eager_pack_exact": true, "label": "random_t3_s1003", "tokens": 3}, {"compiled_pack_exact": true, "eager_pack_exact": true, "label": "random_t3_s2003", "tokens": 3}, {"compiled_pack_exact": true, "eager_pack_exact": true, "label": "random_t4_s1004", "tokens": 4}, {"compiled_pack_exact": true, "eager_pack_exact": true, "label": "random_t4_s2004", "tokens": 4}, {"compiled_pack_exact": true, "eager_pack_exact": true, "label": "random_t5_s1005", "tokens": 5}, {"compiled_pack_exact": true, "eager_pack_exact": true, "label": "random_t5_s2005", "tokens": 5}, {"compiled_pack_exact": true, "eager_pack_exact": true, "label": "random_t6_s1006", "tokens": 6}, {"compiled_pack_exact": true, "eager_pack_exact": true, "label": "random_t6_s2006", "tokens": 6}, {"compiled_pack_exact": true, "eager_pack_exact": true, "label": "random_t7_s1007", "tokens": 7}, {"compiled_pack_exact": true, "eager_pack_exact": true, "label": "random_t7_s2007", "tokens": 7}, {"compiled_pack_exact": true, "eager_pack_exact": true, "label": "random_t8_s1008", "tokens": 8}, {"compiled_pack_exact": true, "eager_pack_exact": true, "label": "random_t8_s2008", "tokens": 8}, {"compiled_pack_exact": true, "eager_pack_exact": true, "label": "random_t9_s1009", "tokens": 9}, {"compiled_pack_exact": true, "eager_pack_exact": true, "label": "random_t9_s2009", "tokens": 9}, {"compiled_pack_exact": true, "eager_pack_exact": true, "label": "random_t10_s1010", "tokens": 10}, {"compiled_pack_exact": true, "eager_pack_exact": true, "label": "random_t10_s2010", "tokens": 10}, {"compiled_pack_exact": true, "eager_pack_exact": true, "label": "random_t11_s1011", "tokens": 11}, {"compiled_pack_exact": true, "eager_pack_exact": true, "label": "random_t11_s2011", "tokens": 11}, {"compiled_pack_exact": true, "eager_pack_exact": true, "label": "random_t12_s1012", "tokens": 12}, {"compiled_pack_exact": true, "eager_pack_exact": true, "label": "random_t12_s2012", "tokens": 12}, {"compiled_pack_exact": true, "eager_pack_exact": true, "label": "random_t13_s1013", "tokens": 13}, {"compiled_pack_exact": true, "eager_pack_exact": true, "label": "random_t13_s2013", "tokens": 13}, {"compiled_pack_exact": true, "eager_pack_exact": true, "label": "random_t14_s1014", "tokens": 14}, {"compiled_pack_exact": true, "eager_pack_exact": true, "label": "random_t14_s2014", "tokens": 14}, {"compiled_pack_exact": true, "eager_pack_exact": true, "label": "random_t15_s1015", "tokens": 15}, {"compiled_pack_exact": true, "eager_pack_exact": true, "label": "random_t15_s2015", "tokens": 15}, {"compiled_pack_exact": true, "eager_pack_exact": true, "label": "random_t16_s1016", "tokens": 16}, {"compiled_pack_exact": true, "eager_pack_exact": true, "label": "random_t16_s2016", "tokens": 16}, {"compiled_pack_exact": true, "eager_pack_exact": true, "label": "random_t17_s1017", "tokens": 17}, {"compiled_pack_exact": true, "eager_pack_exact": true, "label": "random_t17_s2017", "tokens": 17}, {"compiled_pack_exact": true, "eager_pack_exact": true, "label": "random_t18_s1018", "tokens": 18}, {"compiled_pack_exact": true, "eager_pack_exact": true, "label": "random_t18_s2018", "tokens": 18}, {"compiled_pack_exact": true, "eager_pack_exact": true, "label": "random_t19_s1019", "tokens": 19}, {"compiled_pack_exact": true, "eager_pack_exact": true, "label": "random_t19_s2019", "tokens": 19}, {"compiled_pack_exact": true, "eager_pack_exact": true, "label": "random_t20_s1020", "tokens": 20}, {"compiled_pack_exact": true, "eager_pack_exact": true, "label": "random_t20_s2020", "tokens": 20}, {"compiled_pack_exact": true, "eager_pack_exact": true, "label": "random_t21_s1021", "tokens": 21}, {"compiled_pack_exact": true, "eager_pack_exact": true, "label": "random_t21_s2021", "tokens": 21}, {"compiled_pack_exact": true, "eager_pack_exact": true, "label": "random_t22_s1022", "tokens": 22}, {"compiled_pack_exact": true, "eager_pack_exact": true, "label": "random_t22_s2022", "tokens": 22}, {"compiled_pack_exact": true, "eager_pack_exact": true, "label": "random_t23_s1023", "tokens": 23}, {"compiled_pack_exact": true, "eager_pack_exact": true, "label": "random_t23_s2023", "tokens": 23}, {"compiled_pack_exact": true, "eager_pack_exact": true, "label": "random_t24_s1024", "tokens": 24}, {"compiled_pack_exact": true, "eager_pack_exact": true, "label": "random_t24_s2024", "tokens": 24}, {"compiled_pack_exact": true, "eager_pack_exact": true, "label": "random_t25_s1025", "tokens": 25}, {"compiled_pack_exact": true, "eager_pack_exact": true, "label": "random_t25_s2025", "tokens": 25}, {"compiled_pack_exact": true, "eager_pack_exact": true, "label": "random_t26_s1026", "tokens": 26}, {"compiled_pack_exact": true, "eager_pack_exact": true, "label": "random_t26_s2026", "tokens": 26}, {"compiled_pack_exact": true, "eager_pack_exact": true, "label": "random_t27_s1027", "tokens": 27}, {"compiled_pack_exact": true, "eager_pack_exact": true, "label": "random_t27_s2027", "tokens": 27}, {"compiled_pack_exact": true, "eager_pack_exact": true, "label": "random_t28_s1028", "tokens": 28}, {"compiled_pack_exact": true, "eager_pack_exact": true, "label": "random_t28_s2028", "tokens": 28}, {"compiled_pack_exact": true, "eager_pack_exact": true, "label": "random_t29_s1029", "tokens": 29}, {"compiled_pack_exact": true, "eager_pack_exact": true, "label": "random_t29_s2029", "tokens": 29}, {"compiled_pack_exact": true, "eager_pack_exact": true, "label": "random_t30_s1030", "tokens": 30}, {"compiled_pack_exact": true, "eager_pack_exact": true, "label": "random_t30_s2030", "tokens": 30}, {"compiled_pack_exact": true, "eager_pack_exact": true, "label": "random_t31_s1031", "tokens": 31}, {"compiled_pack_exact": true, "eager_pack_exact": true, "label": "random_t31_s2031", "tokens": 31}, {"compiled_pack_exact": true, "eager_pack_exact": true, "label": "zeros", "tokens": 17}, {"compiled_pack_exact": true, "eager_pack_exact": true, "label": "ones", "tokens": 17}, {"compiled_pack_exact": true, "eager_pack_exact": true, "label": "negones", "tokens": 17}, {"compiled_pack_exact": true, "eager_pack_exact": true, "label": "structured_levels", "tokens": 17}], "hybrid_compiledpack_k3_cuda_ms": 0.49634590148925783, "hybrid_eagerpack_k3_cuda_ms": 0.5754560089111328, "hybrid_k3_wall_ms": 0.4838925000019145, "k3_speedup": 1.1990943909998992, "reference_k3_cuda_ms": 0.5951655864715576, "reference_k3_wall_ms": 0.6231094999993303}
RABIT-2 STAGE4D3.2 HYBRID EXACT K3 PROTOTYPE COMPLETED
Stopping app - local entrypoint completed.
✓ App completed. View run at 
https://modal.com/apps/ryanz090504-star/main/ap-VlIPzxdr9hdyexadlxmUxk
